extId: gndjidfncanlhlonpcabokbdhnikglpn
  clicked Search (data-cy)
  clicked Clear (data-testid)
  clicked icon-plus (class-only)

── CARDS ──
  int-2 [⌨️ Text Entry]
  int-4 [🖱️ Click]
  int-6 [🖱️ Click]
  int-8 [🖱️ Click]
── IR STEPS ──
  1. fill — Fill "invoice" in the SearchTarget: Search (testId: [data-auto-id="search-input"])Input: invoiceAssertions: equality equals invoice (Search)▶ IR Step 
  2. click — Click the SearchTarget: Search (testId: [data-cy="search-btn"])Assertions: none — not derived for this recording▶ IR Step JSON{ "action": "click", 
  3. click — Click the ClearTarget: Clear (testId: clear-btn)Assertions: none — not derived for this recording▶ IR Step JSON{ "action": "click", "assertions":
  4. click — Click the ITarget: I (css: [class~="icon-plus"])Assertions: none — not derived for this recording▶ IR Step JSON{ "action": "click", "assertions":
  📄 package.json▶ Show CodeCopy{ "name": "recorded-test", "version": "1.0.0", "private": true, "description": "Playwright tests for Recorded Test", "sc
  📄 playwright.config.ts▶ Show CodeCopyimport { defineConfig, devices } from '@playwright/test'; /** * Playwright configuration for Recorded Test. * Generated
  📄 tsconfig.json▶ Show CodeCopy{ "compilerOptions": { "target": "ES2020", "module": "commonjs", "moduleResolution": "node", "strict": true, 
  📄 .gitignore▶ Show CodeCopynode_modules/ test-results/ playwright-report/ playwright/.cache/ 
  📋 tests/recorded-test.spec.ts▼ Hide CodeCopyimport { test, expect } from '@playwright/test'; test.describe('Recorded Test', () => { test('should complete re
── GENERATED SPEC (first 1200) ──
{"files":[{"content":"{\n  \"name\": \"recorded-test\",\n  \"version\": \"1.0.0\",\n  \"private\": true,\n  \"description\": \"Playwright tests for Recorded Test\",\n  \"scripts\": {\n    \"test\": \"npx playwright test\",\n    \"test:headed\": \"npx playwright test --headed\",\n    \"test:ui\": \"npx playwright test --ui\",\n    \"report\": \"npx playwright show-report\"\n  },\n  \"devDependencies\": {\n    \"@playwright/test\": \"^1.52.0\"\n  }\n}\n","path":"package.json"},{"content":"import { defineConfig, devices } from '@playwright/test';\n\n/**\n * Playwright configuration for Recorded Test.\n * Generated by CmdRunner from the Execution IR.\n */\nexport default defineConfig({\n  testDir: './tests',\n  fullyParallel: true,\n  forbidOnly: !!process.env.CI,\n  retries: process.env.CI ? 2 : 0,\n  workers: process.env.CI ? 1 : undefined,\n  reporter: 'html',\n  use: {\n    baseURL: 'chrome-extension://gndjidfncanlhlonpcabokbdhnikglpn/src/sidepanel/index.html',\n    viewport: { width: 780, height: 437 },\n    trace: 'on-first-retry',\n  },\n  projects: [\n    {\n      name: 'chromium',\n      use: { ...devices['Desktop Chrome'] },\n    },\n  ],\n});\n","path":"playwright.config.ts"
PASS — recording produced cards :: 4 cards
PASS — IR steps rendered :: 9 steps
PASS — AC10: data-auto-id renders page.locator([data-auto-id=…])
PASS — AC10: data-cy renders page.locator([data-cy=…])
PASS — AC10: data-testid stays getByTestId (bare, STAB)
PASS — AC10: class-only icon uses class~ CSS :: icon-plus present
PASS — AC10: no nth-of-type fallback anywhere

════ 6B E2E — 7 PASS / 0 FAIL ════
