extId = gndjidfncanlhlonpcabokbdhnikglpn
START → undefined
case0 non-interactive-nested press: down at child { cx: 37, cy: 150.21875 } → up at parent { px: 79.15625, py: 150.21875 }
PASS — case0 non-interactive nested press produced a click on the app :: m-wrap="pressed 1"
case0b asymmetry press: down at inner-star { cx: 44.171875, cy: 218.21875 } → up at parent { px: 90.4375, py: 218.21875 }
PASS — case0b asymmetry press: browser dispatches NO click (m-swap stays empty) :: m-swap=""
case0c cross press: down at pill-a → up at pill-b
PASS — case0c cross press registered both halves on the app :: m-cross="down+up"
nested press: down at child { cx: 47, cy: 89.21875 } → up at parent { px: 78.8984375, py: 89.71875 }
app feedback m-nested = pressed 1
PASS — nested press produced a click on the app :: m-nested="pressed 1"
PASS — flat press produced a click on the app :: m-flat="pressed 1"
PASS — sibling presses landed on the app (mark text set) :: m-sib="pressed 1"
STOP → stopped
interactions: 8, ledger entries: 13
[
 {
  "type": "Click",
  "endReason": null,
  "name": "Favorite",
  "tag": "BUTTON",
  "phys": null,
  "paired": null,
  "sel": "#btn-nested"
 },
 {
  "type": "Click",
  "endReason": null,
  "name": "Plain button",
  "tag": "BUTTON",
  "phys": null,
  "paired": null,
  "sel": "#btn-flat"
 },
 {
  "type": "Click",
  "endReason": null,
  "name": "Sibling A",
  "tag": "BUTTON",
  "phys": null,
  "paired": null,
  "sel": "#sib-a"
 },
 {
  "type": "Click",
  "endReason": null,
  "name": "Sibling B",
  "tag": "BUTTON",
  "phys": null,
  "paired": null,
  "sel": "#sib-b"
 },
 {
  "type": "Unclassified",
  "endReason": null,
  "name": "Round Trip",
  "tag": "LI",
  "phys": "click",
  "paired": true,
  "sel": "#wrap-nested"
 },
 {
  "type": "Unclassified",
  "endReason": null,
  "name": "Star",
  "tag": "SPAN",
  "phys": "mousedown",
  "paired": null,
  "sel": "#inner-star"
 },
 {
  "type": "Unclassified",
  "endReason": null,
  "name": "Source pill",
  "tag": "SPAN",
  "phys": "mousedown",
  "paired": null,
  "sel": "#pill-a"
 },
 {
  "type": "Unclassified",
  "endReason": null,
  "name": "Source Target",
  "tag": "P",
  "phys": "click",
  "paired": null,
  "sel": "#cross-row"
 }
]
case0 wrap-fixture cards: [{"type":"Unclassified","endReason":null,"name":"Round Trip","tag":"LI","phys":"click","paired":true,"sel":"#wrap-nested"}]
PASS — CASE-0 canonical shape: press collapses to ONE PAIRED card (resolveTarget + S1') :: 1 cards :: [{"type":"Unclassified","phys":"click","paired":true,"sel":"#wrap-nested"}]
PASS — CASE-0b asymmetry shape: exactly ONE orphan mousedown card (browser drops the click — no twin possible) :: 1 cards :: [{"type":"Unclassified","phys":"mousedown","name":"Star","sel":"#inner-star"}]
case0c cross-fixture cards: [{"type":"Unclassified","endReason":null,"name":"Source pill","tag":"SPAN","phys":"mousedown","paired":null,"sel":"#pill-a"},{"type":"Unclassified","endReason":null,"name":"Source Target","tag":"P","phys":"click","paired":null,"sel":"#cross-row"}]
PASS — CASE-0c cross-target press: TWIN unpaired cards — mousedown@pill + synthetic click@ancestor (the residual twin) :: 2 cards :: [{"phys":"mousedown","name":"Source pill","sel":"#pill-a"},{"phys":"click","name":"Source Target","sel":"#cross-row"}]
PASS — O11 FINAL VERDICT: canonical nested-target orphan NOT-REPRODUCED (resolveTarget + S1' already solve it); residual twin exists ONLY for cross-target drags :: canonical: 1 paired; asymmetry: 1 single orphan; button-wrap: 1 Click; cross-drag: 2 unpaired
case0b swap-fixture cards: [{"type":"Unclassified","endReason":null,"name":"Star","tag":"SPAN","phys":"mousedown","paired":null,"sel":"#inner-star"}]
PASS — CASE-1 button-nested press resolves to ONE claimed Click (resolveTarget promotion) :: 1 cards :: [{"type":"Click"}]
flat-fixture cards: [{"type":"Click","endReason":null,"name":"Plain button","tag":"BUTTON","phys":null,"paired":null,"sel":"#btn-flat"}]
PASS — CASE-2 flat press: exactly ONE card for the press (claimed Click or S1'-paired Unclassified) :: 1 cards :: [{"type":"Click","phys":null,"paired":null}]
sibling-fixture cards: [{"type":"Click","endReason":null,"name":"Sibling A","tag":"BUTTON","phys":null,"paired":null,"sel":"#sib-a"},{"type":"Click","endReason":null,"name":"Sibling B","tag":"BUTTON","phys":null,"paired":null,"sel":"#sib-b"}]
PASS — CASE-3 siblings: exactly TWO cards (unrelated presses never collapse) :: 2 cards :: [{"type":"Click","phys":null},{"type":"Click","phys":null}]
PASS — IR plan: steps generated, no Unclassified leak (NOISE_TYPES filter intact) :: 4 steps

════ M1-A O11 REPRO — 14 PASS / 0 FAIL ════
