extId = gndjidfncanlhlonpcabokbdhnikglpn
START → undefined
case0 non-interactive-nested press: down at child { cx: 37, cy: 150.21875 } → up at parent { px: 79.15625, py: 150.21875 }
PASS — case0 non-interactive nested press produced a click on the app :: m-wrap="pressed 1"
nested press: down at child { cx: 47, cy: 89.21875 } → up at parent { px: 78.8984375, py: 89.71875 }
app feedback m-nested = pressed 1
PASS — nested press produced a click on the app :: m-nested="pressed 1"
PASS — flat press produced a click on the app :: m-flat="pressed 1"
FAIL — sibling presses produced clicks on the app :: m-sib="pressed 1"
STOP → stopped
interactions: 5, ledger entries: 10
[
 {
  "type": "Click",
  "endReason": null,
  "name": "Favorite",
  "tag": "BUTTON",
  "phys": null,
  "paired": null,
  "sel": "#btn-nested"
 },
 {
  "type": "Click",
  "endReason": null,
  "name": "Plain button",
  "tag": "BUTTON",
  "phys": null,
  "paired": null,
  "sel": "#btn-flat"
 },
 {
  "type": "Click",
  "endReason": null,
  "name": "Sibling A",
  "tag": "BUTTON",
  "phys": null,
  "paired": null,
  "sel": "#sib-a"
 },
 {
  "type": "Click",
  "endReason": null,
  "name": "Sibling B",
  "tag": "BUTTON",
  "phys": null,
  "paired": null,
  "sel": "#sib-b"
 },
 {
  "type": "Unclassified",
  "endReason": null,
  "name": "Round Trip",
  "tag": "LI",
  "phys": "click",
  "paired": true,
  "sel": "#wrap-nested"
 }
]
case0 wrap-fixture cards: [{"type":"Unclassified","endReason":null,"name":"Round Trip","tag":"LI","phys":"click","paired":true,"sel":"#wrap-nested"}]
FAIL — CASE-0 true shape: twin Unclassified cards observed (O11 orphan) :: 1 Unclassified, 1 paired :: [{"phys":"click","name":"Round Trip","sel":"#wrap-nested"}]
FAIL — CASE-0 true shape: mousedown card + click card are DIFFERENT elements (nested, not same) :: [{"phys":"click","sel":"#wrap-nested","name":"Round Trip"}]
FAIL — CASE-0 OR CASE-1: at least one orphan pattern CONFIRMED overall (twin Unclassified, none paired) :: case0: 1 unc / 1 paired; case1(button): 0 unc
PASS — CASE-1 button-nested press resolves to ONE claimed Click (resolveTarget promotion) :: 1 cards :: [{"type":"Click"}]
flat-fixture cards: [{"type":"Click","endReason":null,"name":"Plain button","tag":"BUTTON","phys":null,"paired":null,"sel":"#btn-flat"}]
PASS — CASE-2 flat press: exactly ONE card for the press (claimed Click or S1'-paired Unclassified) :: 1 cards :: [{"type":"Click","phys":null,"paired":null}]
sibling-fixture cards: [{"type":"Click","endReason":null,"name":"Sibling A","tag":"BUTTON","phys":null,"paired":null,"sel":"#sib-a"},{"type":"Click","endReason":null,"name":"Sibling B","tag":"BUTTON","phys":null,"paired":null,"sel":"#sib-b"}]
PASS — CASE-3 siblings: exactly TWO cards (unrelated presses never collapse) :: 2 cards :: [{"type":"Click","phys":null},{"type":"Click","phys":null}]
PASS — IR plan: steps generated, no Unclassified leak (NOISE_TYPES filter intact) :: 4 steps

════ M1-A O11 REPRO — 7 PASS / 4 FAIL ════
