extId = gndjidfncanlhlonpcabokbdhnikglpn
START → started
— attempt 1: crash at +600 ms —
   cards: [{"t":"Navigation","er":null,"ident":"null"}]
— attempt 2: crash at +450 ms —
   cards: [{"t":"Navigation","er":null,"ident":"null"},{"t":"Navigation","er":null,"ident":"null"}]
— attempt 3: crash at +800 ms —
   cards: [{"t":"Navigation","er":null,"ident":"null"},{"t":"Navigation","er":null,"ident":"null"},{"t":"Navigation","er":null,"ident":"null"}]
— attempt 4: crash at +350 ms —
   cards: [{"t":"Navigation","er":null,"ident":"null"},{"t":"Navigation","er":null,"ident":"null"},{"t":"Navigation","er":null,"ident":"null"},{"t":"Navigation","er":null,"ident":"null"},{"t":"Hover","er":null,"ident":"null"},{"t":"Click","er":null,"ident":"null"}]
— attempt 5: crash at +700 ms —
   cards: [{"t":"Navigation","er":null,"ident":"null"},{"t":"Navigation","er":null,"ident":"null"},{"t":"Navigation","er":null,"ident":"null"},{"t":"Navigation","er":null,"ident":"null"},{"t":"Hover","er":null,"ident":"null"},{"t":"Click","er":null,"ident":"null"},{"t":"Navigation","er":null,"ident":"null"}]
— attempt 6: crash at +500 ms —
   cards: [{"t":"Navigation","er":null,"ident":"null"},{"t":"Navigation","er":null,"ident":"null"},{"t":"Navigation","er":null,"ident":"null"},{"t":"Navigation","er":null,"ident":"null"},{"t":"Hover","er":null,"ident":"null"},{"t":"Click","er":null,"ident":"null"},{"t":"Navigation","er":null,"ident":"null"},{"t":"Navigation","er":null,"ident":"null"}]
— attempt 7: crash at +900 ms —
   cards: [{"t":"Navigation","er":null,"ident":"null"},{"t":"Navigation","er":null,"ident":"null"},{"t":"Navigation","er":null,"ident":"null"},{"t":"Navigation","er":null,"ident":"null"},{"t":"Hover","er":null,"ident":"null"},{"t":"Click","er":null,"ident":"null"},{"t":"Navigation","er":null,"ident":"null"},{"t":"Navigation","er":null,"ident":"null"},{"t":"Navigation","er":null,"ident":"null"}]
— attempt 8: crash at +550 ms —
   cards: [{"t":"Navigation","er":null,"ident":"null"},{"t":"Navigation","er":null,"ident":"null"},{"t":"Navigation","er":null,"ident":"null"},{"t":"Navigation","er":null,"ident":"null"},{"t":"Hover","er":null,"ident":"null"},{"t":"Click","er":null,"ident":"null"},{"t":"Navigation","er":null,"ident":"null"},{"t":"Navigation","er":null,"ident":"null"},{"t":"Navigation","er":null,"ident":"null"},{"t":"Navigation","er":null,"ident":"null"}]
STOP → stopped
final cards: [
 {
  "t": "Navigation",
  "er": null,
  "id": null,
  "ident": null
 },
 {
  "t": "Navigation",
  "er": null,
  "id": null,
  "ident": null
 },
 {
  "t": "Navigation",
  "er": null,
  "id": null,
  "ident": null
 },
 {
  "t": "Navigation",
  "er": null,
  "id": null,
  "ident": null
 },
 {
  "t": "Click",
  "er": null,
  "id": "add-to-cart-button",
  "ident": null
 },
 {
  "t": "Navigation",
  "er": null,
  "id": null,
  "ident": null
 },
 {
  "t": "Navigation",
  "er": null,
  "id": null,
  "ident": null
 },
 {
  "t": "Navigation",
  "er": null,
  "id": null,
  "ident": null
 },
 {
  "t": "Navigation",
  "er": null,
  "id": null,
  "ident": null
 }
]
FAIL — E0 recovery path exercised in real Chrome (at least one sw-recovered card) :: [{"a":1,"off":600,"shapes":[{"t":"Navigation","er":null}]},{"a":2,"off":450,"shapes":[{"t":"Navigation","er":null},{"t":"Navigation","er":null}]},{"a":3,"off":800,"shapes":[{"t":"Navigation","er":null},{"t":"Navigation","er":null},{"t":"Navigation","er":null}]},{"a":4,"off":350,"shapes":[{"t":"Navigation","er":null},{"t":"Navigation","er":null},{"t":"Navigation","er":null},{"t":"Navigation","er":null},{"t":"Hover","er":null},{"t":"Click","er":null}]},{"a":5,"off":700,"shapes":[{"t":"Navigation","er":null},{"t":"Navigation","er":null},{"t":"Navigation","er":null},{"t":"Navigation","er":null},{"t":"Hover","er":null},{"t":"Click","er":null},{"t":"Navigation","er":null}]},{"a":6,"off":500,"shape
FAIL — C1 recovered Click card on #add-to-cart-button exists :: [{"t":"Navigation","er":null,"id":null},{"t":"Navigation","er":null,"id":null},{"t":"Navigation","er":null,"id":null},{"t":"Navigation","er":null,"id":null},{"t":"Click","er":null,"id":"add-to-cart-button"},{"t":"Navigation","er":null,"id":null},{"t":"Navigation","er":null,"id":null},{"t":"Navigation","er":null,"id":null},{"t":"Navigation","er":null,"id":null}]
PASS — C8 zero sw-recovered element cards with null identity ("Unknown element" gone on this path) :: []

════ 6F-M2b E2E — 1 PASS / 2 FAIL ════
