multi-pattern app on :8177
extId = gndjidfncanlhlonpcabokbdhnikglpn

── forward block after recording #1:
What this recording improvesNo signatures existed before this session — every action learned is new.Click "search" ◆ new signature — first observation; next recording reinforces it1 observation(s) could not be attributed (no-live-horizon ×1) — recording the flow again may confirm horizons.
PASS — R1: forward block present after first recording
PASS — R1: new-signature line shown
PASS — R1: summary = all-new session
PASS — R1: F2 gap guidance present (multipattern has unattributed consequences)

── forward block after recording #2:
What this recording improvesRecording reinforced existing knowledge — next session starts from what was learned.Click "search" ◆ reinforced ×2 · recognized instantly next session1 observation(s) could not be attributed (no-live-horizon ×1) — recording the flow again may confirm horizons.
PASS — R2: forward block present after second recording
PASS — R2: reinforced ×2 line shown
PASS — R2: reinforced summary (not all-new)
PASS — R2: instant-recognition forward claim for active sig
PASS — F3: signatures render on Knowledge tab

F3 heal region: Locator healing: not yet observed — elements recorded, no heals on record.Keyword: recorded, no heals on recordSearch: recorded, no heals on recordRecorded workflows1Keyword×2linked1. keyword2. search productsviews: — · 
PASS — F3: heals line renders one honest state (elements exist → never-observed line, or absent if no elements) :: Locator healing: not yet observed — elements recorded, no heals on record.Keyword: recorded, no heals on recordSearch: r

panel console errors: none
PASS — zero console errors on panel

===== RESULT: 11 PASS / 0 FAIL =====
