extId = gndjidfncanlhlonpcabokbdhnikglpn
app ready = true
START → undefined
depart value = "Sat, 06 Sep"
STOP → stopped
cards: [{"t":"DatePicker","n":"Depart on","u":""},{"t":"Click","n":"Churn","u":""},{"t":"Click","n":"Search Flights","u":""},{"t":"Link","n":"Flights","u":""},{"t":"Navigation","n":"","u":"http://127.0.0.1:8191/flights?origin=MAA&dest=DEL&utm_source"}]
PASS — M5 DatePicker completed with selected date :: 1 DatePicker cards
PASS — M5 6B regression: data-auto-id search-flights → exactly one Click :: ["Click"]
PASS — M5 6F-M1 regression: zero twin Click cards on calendar cells :: 0 twin clicks
PASS — M2 fixture: no-op churn Click captured :: [{"t":"DatePicker","n":"Depart on"},{"t":"Click","n":"Churn"},{"t":"Click","n":"Search Flights"},{"t":"Link","n":"Flights"},{"t":"Navigation","n":null}]
PASS — M4 fixture: Navigation card captured :: [{"t":"Navigation","u":"http://127.0.0.1:8191/flights?origin=MAA&dest=DEL&utm_source=test","ti":"127.0.0.1:8191/flights?origin=MAA&dest=DEL&utm_source=test"}]
FAIL — M4-O14: nav card label shows origin+path, query params ABSENT :: 🧭 Navigation
int-10
completed
1 event · 0ms
✓ Navigation (prio 120)
0 assertions

Navigate to http://127.0.0.1:8191/flights

Window: 0ms · page-reload-synthetic
📋 Navigation evidence (page reloaded — synthetic)
🎯
Target Evidence
ELEMENT
HTML [role=document] "http://127.0.0.1:8191/flights?origin=MAA…"
No observable state changes
🌐
Application Evidence
NAVIGATION (1)
full-reload: → http://127.0.
PASS — M4-O14b: IR section KEEPS the full raw URL (AC6 machine record) :: raw URL expected in IR/playwright section
PASS — M1-O13: stopped view NEVER shows "Collecting behavioral evidence" :: clean
terminal notes in stopped view: 0
PASS — M1-O13: terminal note present where evidence is absent (≥1 card) :: 0 notes; evidence-less cards: 0
PASS — M2-O2: no-op hidden header present in panel DOM
PASS — M3-O12 non-regression: no recovered-after-unload notice on this normal flow :: unexpected notice in a no-crash flow
panel js error count probe: 0

════ 6F-M3 W1 E2E — 10 PASS / 1 FAIL ════
