fixture listening on 8242
fixture up: true
extId = gndjidfncanlhlonpcabokbdhnikglpn
page probe: {"url":"http://127.0.0.1:8242/affordance-validation.html","cards":6,"ready":"complete"}
PASS — fixture: pointer chip found
PASS — fixture: plain div found
PASS — fixture: inner span found
PASS — fixture: onclick div found
PASS — fixture: inline pointer div found
PASS — fixture: cursor:default div found
fixture state: clicked: default-1
STOP → stopped
interactions: [
 {
  "type": "Click",
  "tag": "DIV",
  "cls": "pointer-chip",
  "name": "Select departure 06:30",
  "css": "#chip-1",
  "pc": true,
  "ch": false
 },
 {
  "type": "Click",
  "tag": "SPAN",
  "cls": "chip-label",
  "name": "Inner label — click ME",
  "css": "#chip-2-label",
  "pc": true,
  "ch": false
 },
 {
  "type": "Click",
  "tag": "DIV",
  "cls": "plain",
  "name": "Attribute handler",
  "css": "#onclick-1",
  "pc": false,
  "ch": true
 },
 {
  "type": "Click",
  "tag": "DIV",
  "cls": null,
  "name": "Inline-styled target",
  "css": "#inline-1",
  "pc": true,
  "ch": false
 },
 {
  "type": "Unclassified",
  "tag": "DIV",
  "cls": "plain",
  "name": "Not clickable styling",
  "css": "#plain-1",
  "pc": "absent",
  "ch": "absent"
 },
 {
  "type": "Unclassified",
  "tag": "DIV",
  "cls": null,
  "name": "Explicit default cursor",
  "css": "#default-1",
  "pc": "absent",
  "ch": "absent"
 }
]
PASS — V1 pointer chip (stylesheet) claimed as Click :: {"type":"Click","tag":"DIV","cls":"pointer-chip","name":"Select departure 06:30","css":"#chip-1","pc":true,"ch":false}
PASS — V2 plain div stays honest Unclassified :: [{"type":"Unclassified","tag":"DIV","cls":"plain","name":"Not clickable styling","css":"#plain-1","pc":"absent","ch":"absent"}]
PASS — V3 inner-span click claimed as Click (span itself, inherited pointer) :: rows=[{"type":"Click","tag":"SPAN","cls":"chip-label","name":"Inner label — click ME","css":"#chip-2-label","pc":true,"ch":false}]
PASS — V3b no stray Unclassified for the inner span :: [{"type":"Click","tag":"SPAN","cls":"chip-label","name":"Inner label — click ME","css":"#chip-2-label","pc":true,"ch":false}]
PASS — V4 onclick-attribute div claimed as Click :: {"type":"Click","tag":"DIV","cls":"plain","name":"Attribute handler","css":"#onclick-1","pc":false,"ch":true}
PASS — V5 inline cursor:pointer div claimed as Click :: {"type":"Click","tag":"DIV","cls":null,"name":"Inline-styled target","css":"#inline-1","pc":true,"ch":false}
PASS — V6 explicit cursor:default stays honest Unclassified :: [{"type":"Unclassified","tag":"DIV","cls":null,"name":"Explicit default cursor","css":"#default-1","pc":"absent","ch":"absent"}]
PASS — V7a chip-1 card carries pointerCursor=true :: pc=true
PASS — V7b onclick card carries clickHandler=true :: ch=true
PASS — V8 zero console errors in panel context

RESULT: 16 PASS / 0 FAIL
